// Vitest Snapshot v1, https://vitest.dev/guide/snapshot.html

exports[`App Component > renders the App 1`] = `
<div>
  <div
    class="_app_2e2173"
  >
    <nav
      class="_navbar_39d119"
      data-testid="navbar"
    >
      <div
        class="container"
      >
        <ul
          class="_navbar_contents_39d119"
        >
          <div
            class="_left_items_39d119"
          >
            <li>
              <a
                data-discover="true"
                href="/"
              >
                Home
              </a>
            </li>
            <li>
              <a
                data-discover="true"
                href="/shop"
              >
                Shop
              </a>
            </li>
          </div>
          <div
            class="_right_items_39d119"
          >
            <li>
              <a
                data-discover="true"
                href="/basket"
              >
                <svg
                  aria-labelledby="icon_labelledby_1"
                  class="_basket_icon_39d119"
                  style="width: 1.5rem; height: 1.5rem;"
                  viewBox="0 0 24 24"
                >
                  <title
                    id="icon_labelledby_1"
                  >
                    Basket
                  </title>
                  <path
                    d="M5.5,21C4.72,21 4.04,20.55 3.71,19.9V19.9L1.1,10.44L1,10A1,1 0 0,1 2,9H6.58L11.18,2.43C11.36,2.17 11.66,2 12,2C12.34,2 12.65,2.17 12.83,2.44L17.42,9H22A1,1 0 0,1 23,10L22.96,10.29L20.29,19.9C19.96,20.55 19.28,21 18.5,21H5.5M12,4.74L9,9H15L12,4.74M12,13A2,2 0 0,0 10,15A2,2 0 0,0 12,17A2,2 0 0,0 14,15A2,2 0 0,0 12,13Z"
                    style="fill: currentColor;"
                  />
                </svg>
                <span
                  aria-label="basket-count"
                  class="_basket_count_39d119"
                >
                  0
                </span>
              </a>
            </li>
          </div>
        </ul>
      </div>
    </nav>
    <div
      class="_outlet_2e2173"
    />
  </div>
</div>
`;
