// Vitest Snapshot v1, https://vitest.dev/guide/snapshot.html

exports[`App Component > renders the App 1`] = `
<div>
  <nav
    data-testid="navbar"
  >
    <ul>
      <li>
        <a
          data-discover="true"
          href="/"
        >
          Home
        </a>
      </li>
      <li>
        <a
          data-discover="true"
          href="/shop"
        >
          Shop
        </a>
      </li>
      <li>
        <a
          data-discover="true"
          href="/basket"
        >
          Basket
        </a>
        <span
          aria-label="basket-count"
        >
          0
        </span>
      </li>
    </ul>
  </nav>
  <div />
</div>
`;
