// Vitest Snapshot v1, https://vitest.dev/guide/snapshot.html

exports[`BasketCard component > renders a BasketCard 1`] = `
<div>
  <div
    class="_basket_card_12a1d9"
    data-testid="basket-card"
  >
    <img
      alt="Blue t-shirt"
      class="_bcard_image_12a1d9"
      src="t-shirt.jpg"
    />
    <h2
      class="_bcard_title_12a1d9"
    >
      Blue t-shirt
    </h2>
    <p
      class="_bcard_items_12a1d9"
    >
      2
       item
      s
    </p>
    <p
      class="_bcard_price_12a1d9"
    >
      £
      23.98
    </p>
  </div>
</div>
`;
