// Vitest Snapshot v1, https://vitest.dev/guide/snapshot.html

exports[`BasketCard component > renders a BasketCard 1`] = `
<div>
  <div
    class="_basket_card_12a1d9"
    data-testid="basket-card"
  >
    <img
      alt="Blue t-shirt"
      class="_bcard_image_12a1d9"
      src="t-shirt.jpg"
    />
    <h2
      class="_bcard_title_12a1d9"
    >
      Blue t-shirt
    </h2>
    <div
      class="_item_quantity_12a1d9"
    >
      <button
        class="_decrement_12a1d9"
      >
        -
      </button>
      <input
        class="_bcard_input_12a1d9"
        min="1"
        readonly=""
        type="number"
        value="2"
      />
      <button
        class="_increment_12a1d9"
      >
        +
      </button>
    </div>
    <p
      class="_bcard_price_12a1d9"
    >
      £
      23.98
    </p>
    <button
      class="_bcard_btn_12a1d9"
      name="delete"
    >
      Del
    </button>
  </div>
</div>
`;
